# File cmdrcv_ram.asm
0000			                ORG     0E400H 
e400			_PROG_TOP: 
e400			_MON_ENTRY: 
e400 cd 10 e4		                CALL    _ENTRY 
e403 c3 81 00		                JP      ROM_BASPROMPT 
e406 00			                NOP 
e407 00			                NOP 
e408 00			                NOP 
e409 00			                NOP 
e40a 00			                NOP 
e40b 00			                NOP 
e40c 00			                NOP 
e40d 01			                DB      VER_MAJOR 
e40e 01			                DB      VER_MINOR 
e40f 00			                DB      VER_REVISION 
e410			_ENTRY: 
e410 21 1c e4		                LD      HL,NEWJPTBL 
e413 11 fc f0		                LD      DE,CMD_ENTRY 
e416 01 03 00		                LD      BC,3 
e419 ed b0		                LDIR 
e41b c9			                RET 
e41c			NEWJPTBL: 
e41c c3 1f e4		                JP      NEW_CMD 
e41f			NEW_CMD: 
e41f			                INCLUDE "cmdrcv.asm" 
e41f			; PARITY           : E EVEN 
e41f			;                  : O ODD 
e41f			;                  : N NON 
e41f			; DATA BITS        : 8 8BITS 
e41f			;                  : 7 7BITS 
e41f			; STOP BITS        : 1 1BIT 
e41f			;                  : 2 1.5BITS 
e41f			;                  : 3 2BITS 
e41f			; BAUD RATE FACTOR : 0 64X 
e41f			;                  : 1 16X 
e41f			; ex. E730,O710,N810 
e41f			; ex. E731,O711,N811 
e41f			; 
e41f			; CMD RCV,N811,&HD000[,&HD000] 
e41f			; CMD RCV,N811,BAS 
e41f			; 
e41f			; 
e41f			; CONSTANT CONTROL CODE 
e41f			; 
e41f			SOH:            EQU     01H 
e41f			STX:            EQU     02H 
e41f			EOT:            EQU     04H 
e41f			ACK:            EQU     06H 
e41f			NAK:            EQU     15H 
e41f			CAN:            EQU     18H 
e41f			; 
e41f			; CONSTANT I/O PORT 
e41f			; 
e41f			KEYBRD9:        EQU     09H 
e41f			USARTDW:        EQU     20H 
e41f			USARTCW:        EQU     21H             ; MODE SETUP 
e41f			                                        ; 76543210 
e41f			                                        ; ||||||++--- BAUD RATE FACTOR 
e41f			                                        ; ||||||      00 : SYNC MODE 
e41f			                                        ; ||||||      01 : 1X 
e41f			                                        ; ||||||      10 : 16X 
e41f			                                        ; ||||||      11 : 64X 
e41f			                                        ; ||||++----- CHARACTER LENGTH 
e41f			                                        ; ||||        00 : 5BITS 
e41f			                                        ; ||||        01 : 6BITS 
e41f			                                        ; ||||        10 : 7BITS 
e41f			                                        ; ||||        11 : 8BITS 
e41f			                                        ; |||+------- PARITY ENABLE 
e41f			                                        ; |||         1 : ENABLE 
e41f			                                        ; |||         0 : DISABLE 
e41f			                                        ; ||+-------- EVEN PARITY GENARATION/CHECK 
e41f			                                        ; ||          1 : EVEN 
e41f			                                        ; ||          0 : ODD 
e41f			                                        ; ++--------- NUMBER OF STOP BITS 
e41f			                                        ;             00 : INVALID 
e41f			                                        ;             01 : 1 BIT 
e41f			                                        ;             10 : 1.5 BITS 
e41f			                                        ;             11 : 2 BITS 
e41f			                                        ; 
e41f			                                        ; COMMAND SETUP 
e41f			                                        ; 76543210 
e41f			                                        ; |||||||+--- TRANSMIT ENABLE 
e41f			                                        ; |||||||     1 : ENABLE 
e41f			                                        ; |||||||     0 : DISABLE 
e41f			                                        ; ||||||+---- DATA TERMINAL READY 
e41f			                                        ; ||||||      "high" will force ~DTR output zero 
e41f			                                        ; |||||+----- RECEIVE ENABLE 
e41f			                                        ; |||||       1 : ENABLE 
e41f			                                        ; |||||       0 : DISABLE 
e41f			                                        ; ||||+------ SEND BREAK CHARACTER 
e41f			                                        ; ||||        1 : forces TxD "low" 
e41f			                                        ; ||||        0 : normal operation 
e41f			                                        ; |||+------- ERROR RESET 
e41f			                                        ; |||         1 : reset all error flags PE,OE,FE 
e41f			                                        ; ||+-------- REQUEST TO SEND 
e41f			                                        ; ||          "high" will force ~RTS output zero 
e41f			                                        ; |+--------- INTERNAL RESET 
e41f			                                        ; |           "high" returns USART to Mode Instruction Format 
e41f			                                        ; +---------- ENTER HUNT MODE 
e41f			                                        ;             1 = enable search for Sync Characters 
e41f			CONTROL1:       EQU     30H 
e41f			; 
e41f			; CONSTANT ROM BASIC ROUTINE 
e41f			; 
e41f			ROM_BASPROMPT:  EQU     0081H 
e41f			ROM_DSPCHR:     EQU     0257H 
e41f			ROM_BEEP:       EQU     0D43H 
e41f			ROM_TIMEREAD:   EQU     1602H 
e41f			ROM_SYNERR:     EQU     3BDFH 
e41f			ROM_MSGOUT:     EQU     52EDH 
e41f			ROM_MON_UNEXT:  EQU     5C35H 
e41f			ROM_DSPHEX4:    EQU     5EC0H 
e41f			ROM_CMPHLDE:    EQU     5ED3H 
e41f			ROM_DSPCRLF:    EQU     5FCAH 
e41f			; 
e41f			; CONSTANT ROM BASIC WORD AREA 
e41f			; 
e41f			PC8001RAM_TOP:  EQU     8000H 
e41f			ROMBAS_WORKTOP: EQU     0EA00H 
e41f			CURSOR_YPOS:    EQU     0EA63H 
e41f			CURSOR_XPOS:    EQU     0EA64H 
e41f			CTL1_OUTDATA:   EQU     0EA66H 
e41f			BCD_TIME_SEC:   EQU     0EA76H 
e41f			OUTPUT_DEVICE:  EQU     0EB49H 
e41f			BASAREA_TOP:    EQU     0EB54H 
e41f			VARAREA_TOP:    EQU     0EFA0H 
e41f			ARRAYAREA_TOP:  EQU     0EFA2H 
e41f			FREEAREA_TOP:   EQU     0EFA4H 
e41f			CMD_ENTRY:      EQU     0F0FCH 
e41f			; 
e41f			; N-BASIC ROM FREE AREA1 : F216~F2FF 
e41f			; N-BASIC ROM FREE AREA2 : FF3D~FFFF 
e41f			; CONSTANT "CMD RCV" WORK AREA 
e41f			; 
e41f			MODEWORD:       EQU     0F216H 
e41f			CTLWORD:        EQU     0F217H 
e41f			LOADADRS:       EQU     0F218H 
e41f			EXECADRS:       EQU     0F21AH 
e41f			FLGLOADBAS:     EQU     0F21CH 
e41f			TIMEUP:         EQU     0F21DH 
e41f			CHKBLKNO:       EQU     0F21EH 
e41f			RCVBUF_TOP:     EQU     0F22FH 
e41f			RCVBUF_HEADER:  EQU     RCVBUF_TOP 
e41f			RCVBUF_BLKNO:   EQU     RCVBUF_TOP +1 
e41f			RCVBUF_CBLKNO:  EQU     RCVBUF_TOP +2 
e41f			RCVBUF_DATA:    EQU     RCVBUF_TOP +3 
e41f			RCVBUF_CHKSUM:  EQU     RCVBUF_DATA +128 
e41f			RCVBUF_BOTTOM:  EQU     RCVBUF_CHKSUM 
e41f			; 
e41f			; CONSTANT "CMD RCV" VERSION DATA 
e41f			; 
e41f			VER_MAJOR:      EQU     1 
e41f			VER_MINOR:      EQU     1 
e41f			VER_REVISION:   EQU     0 
e41f			; 
e41f			                ;ORG    0H 
e41f			CMD_START: 
e41f cd 12 e5		                CALL    PARSER_CMDPARAM 
e422 da 0e e5		                JP      C,CMD_ERR_EXIT 
e425			 
e425 e5			                PUSH    HL 
e426 cd e9 e6		                CALL    INIT_SIO 
e429 3e 01		                LD      A,1 
e42b 32 1e f2		                LD      (CHKBLKNO),A 
e42e			CMD_L010: 
e42e 3e 15		                LD      A,NAK 
e430 cd a4 e7		                CALL    OUT_SIO 
e433 da 04 e5		                JP      C,CMD_CANCEL 
e436			CMD_L020: 
e436 cd 60 e7		                CALL    IN_SIO 
e439 da 04 e5		                JP      C,CMD_CANCEL 
e43c fe 04		                CP      EOT 
e43e 28 73		                JR      Z,CMD_030 
e440 fe 01		                CP      SOH 
e442 28 21		                JR      Z,CMD_010 
e444 3a 1d f2		                LD      A,(TIMEUP) 
e447 fe 01		                CP      1 
e449 28 e3		                JR      Z,CMD_L010 
e44b 18 e9		                JR      CMD_L020 
e44d			CMD_L030: 
e44d cd 60 e7		                CALL    IN_SIO 
e450 da 04 e5		                JP      C,CMD_CANCEL 
e453 fe 04		                CP      EOT 
e455 28 5c		                JR      Z,CMD_030 
e457 fe 01		                CP      SOH 
e459 28 0a		                JR      Z,CMD_010 
e45b 3a 1d f2		                LD      A,(TIMEUP) 
e45e fe 01		                CP      1 
e460 ca f0 e4		                JP      Z,CMD_CANCEL2 
e463 18 e8		                JR      CMD_L030 
e465			CMD_010: 
e465 cd 61 e6		                CALL    CLR_RCVBUF 
e468 77			                LD      (HL),A 
e469 23			                INC     HL 
e46a 06 83		                LD      B,131 
e46c			CMD_L040: 
e46c cd 60 e7		                CALL    IN_SIO 
e46f da 04 e5		                JP      C,CMD_CANCEL 
e472 f5			                PUSH    AF 
e473 3a 1d f2		                LD      A,(TIMEUP) 
e476 fe 01		                CP      1 
e478 28 75		                JR      Z,CMD_CANCEL3 
e47a f1			                POP     AF 
e47b 77			                LD      (HL),A 
e47c 23			                INC     HL 
e47d 10 ed		                DJNZ    CMD_L040 
e47f			; 
e47f cd 58 e7		                CALL    DISABLE_RTS 
e482 cd 98 e6		                CALL    CHKDATA 
e485 38 20		                JR      C,CMD_020 
e487 cd 70 e6		                CALL    CHK_MEMOVER 
e48a 38 64		                JR      C,CMD_CANCEL2 
e48c 21 32 f2		                LD      HL,RCVBUF_DATA 
e48f 01 80 00		                LD      BC,128 
e492 ed b0		                LDIR 
e494 cd c5 e6		                CALL    DISP_PROGRESS 
e497 cd 50 e7		                CALL    ENABLE_RTS 
e49a			; 
e49a 3e 06		                LD      A,ACK 
e49c cd a4 e7		                CALL    OUT_SIO         
e49f 38 63		                JR      C,CMD_CANCEL 
e4a1 21 1e f2		                LD      HL,CHKBLKNO 
e4a4 34			                INC     (HL) 
e4a5 18 a6		                JR      CMD_L030 
e4a7			CMD_020: 
e4a7 cd 50 e7		                CALL    ENABLE_RTS 
e4aa 3e 15		                LD      A,NAK 
e4ac cd a4 e7		                CALL    OUT_SIO         
e4af 38 53		                JR      C,CMD_CANCEL 
e4b1 18 9a		                JR      CMD_L030 
e4b3			CMD_030: 
e4b3 3e 06		                LD      A,ACK 
e4b5 cd a4 e7		                CALL    OUT_SIO 
e4b8 cd 0a e7		                CALL    TERM_SIO 
e4bb e1			                POP     HL 
e4bc 3a 1c f2		                LD      A,(FLGLOADBAS) 
e4bf fe 01		                CP      1 
e4c1 28 10		                JR      Z,CMD_FIXBAS 
e4c3 e5			                PUSH    HL 
e4c4 21 00 00		                LD      HL,0 
e4c7 ed 5b 1a f2	                LD      DE,(EXECADRS) 
e4cb cd d3 5e		                CALL    ROM_CMPHLDE     ;         Z CY 
e4ce			                                        ; HL<DE : 0  1 
e4ce			                                        ; HL=DE : 1  0 
e4ce			                                        ; HL>DE : 0  0 
e4ce e1			                POP     HL 
e4cf 28 3c		                JR      Z,CMD_EXIT 
e4d1 eb			                EX      DE,HL 
e4d2 e9			                JP      (HL) 
e4d3			CMD_FIXBAS: 
e4d3 e5			                PUSH    HL 
e4d4 d5			                PUSH    DE 
e4d5 2a 18 f2		                LD      HL,(LOADADRS) 
e4d8 eb			                EX      DE,HL 
e4d9 ed 52		                SBC     HL,DE 
e4db e5			                PUSH    HL 
e4dc c1			                POP     BC 
e4dd e1			                POP     HL 
e4de af			                XOR     A 
e4df ed b9		                CPDR 
e4e1 23			                INC     HL 
e4e2 23			                INC     HL 
e4e3 22 a0 ef		                LD      (VARAREA_TOP),  HL 
e4e6 22 a2 ef		                LD      (ARRAYAREA_TOP),HL 
e4e9 22 a4 ef		                LD      (FREEAREA_TOP), HL 
e4ec e1			                POP     HL 
e4ed 18 1e		                JR      CMD_EXIT 
e4ef			CMD_CANCEL3: 
e4ef f1			                POP     AF 
e4f0			CMD_CANCEL2: 
e4f0 cd ca 5f		                CALL    ROM_DSPCRLF 
e4f3 af			                XOR     A 
e4f4 32 49 eb		                LD      (OUTPUT_DEVICE),A 
e4f7 3c			                INC     A 
e4f8 32 64 ea		                LD      (CURSOR_XPOS),A 
e4fb 21 bc e7		                LD      HL,ERR_MSG 
e4fe cd ed 52		                CALL    ROM_MSGOUT 
e501 cd 43 0d		                CALL    ROM_BEEP 
e504			CMD_CANCEL: 
e504 3e 18		                LD      A,CAN 
e506 cd a4 e7		                CALL    OUT_SIO 
e509 cd 0a e7		                CALL    TERM_SIO 
e50c e1			                POP     HL 
e50d			CMD_EXIT: 
e50d c9			                RET 
e50e			CMD_ERR_EXIT: 
e50e d1			                POP     DE 
e50f c3 df 3b		                JP      ROM_SYNERR 
e512			; 
e512			; 
e512			; 
e512			PARSER_CMDPARAM: 
e512 e5			                PUSH    HL 
e513 21 00 00		                LD      HL,0 
e516 22 18 f2		                LD      (LOADADRS),HL 
e519 22 1a f2		                LD      (EXECADRS),HL 
e51c af			                XOR     A 
e51d 32 1c f2		                LD      (FLGLOADBAS),A 
e520 e1			                POP     HL 
e521 7e			                LD      A,(HL) 
e522 fe 52		                CP      'R' 
e524 c2 5f e6		                JP      NZ,SETCFRET 
e527 23			                INC     HL 
e528 7e			                LD      A,(HL) 
e529 fe 43		                CP      'C' 
e52b c2 5f e6		                JP      NZ,SETCFRET 
e52e 23			                INC     HL 
e52f 7e			                LD      A,(HL) 
e530 fe 56		                CP      'V' 
e532 c2 5f e6		                JP      NZ,SETCFRET 
e535 cd e5 e5		                CALL    PARSER_SKIP 
e538 11 4f e5		                LD      DE,PARSER_CMDPARAM_010 
e53b d5			                PUSH    DE 
e53c fe 45		                CP      'E' 
e53e ca f9 e5		                JP      Z,PARSER_CMDPARAM_PE 
e541 fe 4f		                CP      'O' 
e543 ca 01 e6		                JP      Z,PARSER_CMDPARAM_PO 
e546 fe 4e		                CP      'N' 
e548 ca 09 e6		                JP      Z,PARSER_CMDPARAM_PN 
e54b d1			                POP     DE 
e54c c3 5f e6		                JP      SETCFRET 
e54f			PARSER_CMDPARAM_010: 
e54f 23			                INC     HL 
e550 7e			                LD      A,(HL) 
e551 11 63 e5		                LD      DE,PARSER_CMDPARAM_020 
e554 d5			                PUSH    DE 
e555 fe 38		                CP      '8' 
e557 ca 11 e6		                JP      Z,PARSER_CMDPARAM_8BIT 
e55a fe 37		                CP      '7' 
e55c ca 20 e6		                JP      Z,PARSER_CMDPARAM_7BIT 
e55f d1			                POP     DE 
e560 c3 5f e6		                JP      SETCFRET 
e563			PARSER_CMDPARAM_020: 
e563 23			                INC     HL 
e564 7e			                LD      A,(HL) 
e565 11 7c e5		                LD      DE,PARSER_CMDPARAM_030 
e568 d5			                PUSH    DE 
e569 fe 31		                CP      '1' 
e56b ca 2f e6		                JP      Z,PARSER_CMDPARAM_SBIT1 
e56e fe 32		                CP      '2' 
e570 ca 38 e6		                JP      Z,PARSER_CMDPARAM_SBIT1_5 
e573 fe 33		                CP      '3' 
e575 ca 41 e6		                JP      Z,PARSER_CMDPARAM_SBIT2 
e578 d1			                POP     DE 
e579 c3 5f e6		                JP      SETCFRET 
e57c			PARSER_CMDPARAM_030: 
e57c 23			                INC     HL 
e57d 7e			                LD      A,(HL) 
e57e 11 90 e5		                LD      DE,PARSER_CMDPARAM_040 
e581 d5			                PUSH    DE 
e582 fe 30		                CP      '0' 
e584 ca 4a e6		                JP      Z,PARSER_CMDPARAM_BRATEFAC64 
e587 fe 31		                CP      '1' 
e589 ca 53 e6		                JP      Z,PARSER_CMDPARAM_BRATEFAC16 
e58c d1			                POP     DE 
e58d c3 5f e6		                JP      SETCFRET 
e590			PARSER_CMDPARAM_040: 
e590 cd e5 e5		                CALL    PARSER_SKIP 
e593 fe 0c		                CP      0CH             ; ID CODE "&H" 
e595 ca bb e5		                JP      Z,PARSER_CMDPARAM_LOADADRS 
e598 fe 42		                CP      'B' 
e59a c2 5f e6		                JP      NZ,SETCFRET 
e59d 23			                INC     HL 
e59e 7e			                LD      A,(HL) 
e59f fe 41		                CP      'A' 
e5a1 c2 5f e6		                JP      NZ,SETCFRET 
e5a4 23			                INC     HL 
e5a5 7e			                LD      A,(HL) 
e5a6 fe 53		                CP      'S' 
e5a8 c2 5f e6		                JP      NZ,SETCFRET 
e5ab 23			                INC     HL 
e5ac 3e 01		                LD      A,1 
e5ae 32 1c f2		                LD      (FLGLOADBAS),A 
e5b1 ed 5b 54 eb	                LD      DE,(BASAREA_TOP) 
e5b5 ed 53 18 f2	                LD      (LOADADRS),DE 
e5b9 18 24		                JR      PARSER_CMDPARAM_EXIT 
e5bb			PARSER_CMDPARAM_LOADADRS: 
e5bb 23			                INC     HL 
e5bc 5e			                LD      E,(HL) 
e5bd 23			                INC     HL 
e5be 56			                LD      D,(HL) 
e5bf 23			                INC     HL 
e5c0 ed 53 18 f2	                LD      (LOADADRS),DE 
e5c4 7e			                LD      A,(HL) 
e5c5 fe 00		                CP      0 
e5c7 28 16		                JR      Z,PARSER_CMDPARAM_EXIT 
e5c9 fe 3a		                CP      ':' 
e5cb 28 12		                JR      Z,PARSER_CMDPARAM_EXIT 
e5cd 2b			                DEC     HL 
e5ce cd e5 e5		                CALL    PARSER_SKIP 
e5d1 fe 0c		                CP      0CH             ; ID CODE "&H" 
e5d3 c2 5f e6		                JP      NZ,SETCFRET 
e5d6			PARSER_CMDPARAM_EXECADRS: 
e5d6 23			                INC     HL 
e5d7 5e			                LD      E,(HL) 
e5d8 23			                INC     HL 
e5d9 56			                LD      D,(HL) 
e5da 23			                INC     HL 
e5db ed 53 1a f2	                LD      (EXECADRS),DE 
e5df			PARSER_CMDPARAM_EXIT: 
e5df ed 5b 18 f2	                LD      DE,(LOADADRS) 
e5e3 18 77		                JR      CLRCFRET 
e5e5			PARSER_SKIP: 
e5e5 23			                INC     HL 
e5e6 7e			                LD      A,(HL) 
e5e7 fe 20		                CP      ' ' 
e5e9 28 fa		                JR      Z,PARSER_SKIP 
e5eb fe 2c		                CP      ',' 
e5ed 28 03		                JR      Z,PARSER_SKIP_010 
e5ef d1			                POP     DE 
e5f0 18 6d		                JR      SETCFRET 
e5f2			PARSER_SKIP_010: 
e5f2 23			                INC     HL 
e5f3 7e			                LD      A,(HL) 
e5f4 fe 20		                CP      ' ' 
e5f6 28 fa		                JR      Z,PARSER_SKIP_010 
e5f8 c9			                RET 
e5f9			PARSER_CMDPARAM_PE: 
e5f9 06 01		                LD      B,1 
e5fb 3e 30		                LD      A,00110000B 
e5fd 32 16 f2		                LD      (MODEWORD),A 
e600 c9			                RET 
e601			PARSER_CMDPARAM_PO: 
e601 06 01		                LD      B,1 
e603 3e 10		                LD      A,00010000B 
e605 32 16 f2		                LD      (MODEWORD),A 
e608 c9			                RET 
e609			PARSER_CMDPARAM_PN: 
e609 06 00		                LD      B,0 
e60b 3e 00		                LD      A,00000000B 
e60d 32 16 f2		                LD      (MODEWORD),A 
e610 c9			                RET 
e611			PARSER_CMDPARAM_8BIT: 
e611 78			                LD      A,B 
e612 fe 01		                CP      1 
e614 ca 5f e6		                JP      Z,SETCFRET 
e617 3a 16 f2		                LD      A,(MODEWORD) 
e61a f6 0c		                OR      00001100B 
e61c 32 16 f2		                LD      (MODEWORD),A 
e61f c9			                RET 
e620			PARSER_CMDPARAM_7BIT: 
e620 78			                LD      A,B 
e621 fe 00		                CP      0 
e623 ca 5f e6		                JP      Z,SETCFRET 
e626 3a 16 f2		                LD      A,(MODEWORD) 
e629 f6 08		                OR      00001000B 
e62b 32 16 f2		                LD      (MODEWORD),A 
e62e c9			                RET 
e62f			PARSER_CMDPARAM_SBIT1: 
e62f 3a 16 f2		                LD      A,(MODEWORD) 
e632 f6 40		                OR      01000000B 
e634 32 16 f2		                LD      (MODEWORD),A 
e637 c9			                RET 
e638			PARSER_CMDPARAM_SBIT1_5: 
e638 3a 16 f2		                LD      A,(MODEWORD) 
e63b f6 80		                OR      10000000B 
e63d 32 16 f2		                LD      (MODEWORD),A 
e640 c9			                RET 
e641			PARSER_CMDPARAM_SBIT2: 
e641 3a 16 f2		                LD      A,(MODEWORD) 
e644 f6 c0		                OR      11000000B 
e646 32 16 f2		                LD      (MODEWORD),A 
e649 c9			                RET 
e64a			PARSER_CMDPARAM_BRATEFAC64: 
e64a 3a 16 f2		                LD      A,(MODEWORD) 
e64d f6 03		                OR      00000011B 
e64f 32 16 f2		                LD      (MODEWORD),A 
e652 c9			                RET 
e653			PARSER_CMDPARAM_BRATEFAC16: 
e653 3a 16 f2		                LD      A,(MODEWORD) 
e656 f6 02		                OR      00000010B 
e658 32 16 f2		                LD      (MODEWORD),A 
e65b c9			                RET 
e65c			CLRCFRET: 
e65c 37			                SCF 
e65d 3f			                CCF 
e65e c9			                RET 
e65f			SETCFRET: 
e65f 37			                SCF 
e660 c9			                RET 
e661			; 
e661			; 
e661			; 
e661			CLR_RCVBUF: 
e661 21 2f f2		                LD      HL,RCVBUF_TOP 
e664 f5			                PUSH    AF 
e665 e5			                PUSH    HL 
e666 06 84		                LD      B,RCVBUF_BOTTOM - RCVBUF_TOP + 1 
e668 af			                XOR     A 
e669			CLR_RCVBUF_L010: 
e669 77			                LD      (HL),A 
e66a 23			                INC     HL 
e66b 10 fc		                DJNZ    CLR_RCVBUF_L010 
e66d e1			                POP     HL 
e66e f1			                POP     AF 
e66f c9			                RET 
e670			; 
e670			; 
e670			; 
e670			CHK_MEMOVER: 
e670 01 80 00		                LD      BC,128 
e673 d5			                PUSH    DE 
e674 21 00 e4		                LD      HL,_PROG_TOP 
e677 11 00 80		                LD      DE,PC8001RAM_TOP 
e67a cd d3 5e		                CALL    ROM_CMPHLDE     ;         Z CY 
e67d			                                        ; HL<DE : 0  1 
e67d			                                        ; HL=DE : 1  0 
e67d			                                        ; HL>DE : 0  0 
e67d d1			                POP     DE 
e67e 38 0c		                JR      C,CHK_MEMOVER_010 
e680 d5			                PUSH    DE 
e681 eb			                EX      DE,HL 
e682 09			                ADD     HL,BC 
e683 eb			                EX      DE,HL 
e684 21 00 e4		                LD      HL,_PROG_TOP 
e687 cd d3 5e		                CALL    ROM_CMPHLDE     ;         Z CY 
e68a			                                        ; HL<DE : 0  1 
e68a			                                        ; HL=DE : 1  0 
e68a			                                        ; HL>DE : 0  0 
e68a d1			                POP     DE 
e68b d8			                RET     C 
e68c			CHK_MEMOVER_010: 
e68c d5			                PUSH    DE 
e68d eb			                EX      DE,HL 
e68e 09			                ADD     HL,BC 
e68f eb			                EX      DE,HL 
e690 21 00 ea		                LD      HL,ROMBAS_WORKTOP 
e693 cd d3 5e		                CALL    ROM_CMPHLDE     ;         Z CY 
e696			                                        ; HL<DE : 0  1 
e696			                                        ; HL=DE : 1  0 
e696			                                        ; HL>DE : 0  0 
e696 d1			                POP     DE 
e697 c9			                RET 
e698			; 
e698			; 
e698			; 
e698			CHKDATA: 
e698 21 2f f2		                LD      HL,RCVBUF_TOP 
e69b 7e			                LD      A,(HL) 
e69c fe 01		                CP      SOH 
e69e 20 bf		                JR      NZ,SETCFRET 
e6a0 4f			                LD      C,A 
e6a1 23			                INC     HL 
e6a2 3a 1e f2		                LD      A,(CHKBLKNO) 
e6a5 be			                CP      (HL) 
e6a6 20 b7		                JR      NZ,SETCFRET 
e6a8 81			                ADD     A,C 
e6a9 4f			                LD      C,A 
e6aa 23			                INC     HL 
e6ab 3a 1e f2		                LD      A,(CHKBLKNO) 
e6ae 2f			                CPL 
e6af be			                CP      (HL) 
e6b0 20 ad		                JR      NZ,SETCFRET 
e6b2 81			                ADD     A,C 
e6b3 4f			                LD      C,A 
e6b4 23			                INC     HL 
e6b5 06 80		                LD      B,128 
e6b7			CHKDATA_L010: 
e6b7 7e			                LD      A,(HL) 
e6b8 81			                ADD     A,C 
e6b9 4f			                LD      C,A 
e6ba 23			                INC     HL 
e6bb 10 fa		                DJNZ    CHKDATA_L010 
e6bd 79			                LD      A,C 
e6be be			                CP      (HL) 
e6bf c2 5f e6		                JP      NZ,SETCFRET 
e6c2 c3 5c e6		                JP      CLRCFRET 
e6c5			; 
e6c5			; 
e6c5			; 
e6c5			DISP_PROGRESS: 
e6c5 d5			                PUSH    DE 
e6c6 e5			                PUSH    HL 
e6c7 3e 01		                LD      A,1 
e6c9 32 64 ea		                LD      (CURSOR_XPOS),A 
e6cc 3e 5b		                LD      A,'[' 
e6ce cd 57 02		                CALL    ROM_DSPCHR 
e6d1 2a 18 f2		                LD      HL,(LOADADRS) 
e6d4 cd c0 5e		                CALL    ROM_DSPHEX4 
e6d7 3e 2d		                LD      A,'-' 
e6d9 cd 57 02		                CALL    ROM_DSPCHR 
e6dc eb			                EX      DE,HL 
e6dd 2b			                DEC     HL 
e6de cd c0 5e		                CALL    ROM_DSPHEX4 
e6e1 3e 5d		                LD      A,']' 
e6e3 cd 57 02		                CALL    ROM_DSPCHR 
e6e6 e1			                POP     HL 
e6e7 d1			                POP     DE 
e6e8 c9			                RET 
e6e9			; 
e6e9			; 
e6e9			; 
e6e9			INIT_SIO: 
e6e9 af			                XOR     A               ; DUMMY OUT 
e6ea d3 21		                OUT     (USARTCW),A 
e6ec d3 21		                OUT     (USARTCW),A 
e6ee d3 21		                OUT     (USARTCW),A 
e6f0 3e 40		                LD      A,01000000B     ; SOFT RESET 
e6f2 d3 21		                OUT     (USARTCW),A 
e6f4 3a 16 f2		                LD      A,(MODEWORD)    ; MODE SETUP 
e6f7 d3 21		                OUT     (USARTCW),A 
e6f9 3e 15		                LD      A,00010101B     ; COMMAND SETUP  TRANSMIT ENABLE 
e6fb			                                        ;                DATA TERMINAL READY : FALSE 
e6fb			                                        ;                RECEIVE ENABLE 
e6fb			                                        ;                ERROR RESET 
e6fb			                                        ;                REQUEST TO SEND : FALSE 
e6fb d3 21		                OUT     (USARTCW),A 
e6fd 32 17 f2		                LD      (CTLWORD),A 
e700 cd 28 e7		                CALL    ENABLE_SIO 
e703 cd 40 e7		                CALL    ENABLE_DTR 
e706 cd 50 e7		                CALL    ENABLE_RTS 
e709 c9			                RET 
e70a			; 
e70a			; 
e70a			; 
e70a			TERM_SIO: 
e70a d5			                PUSH    DE 
e70b cd 02 16		                CALL    ROM_TIMEREAD 
e70e 3a 76 ea		                LD      A,(BCD_TIME_SEC) 
e711 57			                LD      D,A 
e712			TERM_SIO_010: 
e712 d5			                PUSH    DE 
e713 cd 02 16		                CALL    ROM_TIMEREAD 
e716 d1			                POP     DE 
e717 3a 76 ea		                LD      A,(BCD_TIME_SEC) 
e71a ba			                CP      D 
e71b 28 f5		                JR      Z,TERM_SIO_010 
e71d cd 58 e7		                CALL    DISABLE_RTS 
e720 cd 48 e7		                CALL    DISABLE_DTR 
e723 cd 35 e7		                CALL    DISABLE_SIO 
e726 d1			                POP     DE 
e727 c9			                RET 
e728			; 
e728			; 
e728			; 
e728			ENABLE_SIO: 
e728 3a 66 ea		                LD      A,(CTL1_OUTDATA) 
e72b e6 cf		                AND     11001111B       ; BS2,BS1 CLR 
e72d f6 20		                OR      00100000B       ; BS2 ON 
e72f d3 30		                OUT     (CONTROL1),A 
e731 32 66 ea		                LD      (CTL1_OUTDATA),A 
e734 c9			                RET 
e735			; 
e735			; 
e735			; 
e735			DISABLE_SIO: 
e735 3a 66 ea		                LD      A,(CTL1_OUTDATA) 
e738 e6 cf		                AND     11001111B       ; BS2,BS1 CLR 
e73a d3 30		                OUT     (CONTROL1),A 
e73c 32 66 ea		                LD      (CTL1_OUTDATA),A 
e73f c9			                RET 
e740			; 
e740			; 
e740			; 
e740			ENABLE_DTR: 
e740 3a 17 f2		                LD      A,(CTLWORD) 
e743 f6 02		                OR      00000010B       ; DATA TERMINAL READY : TRUE 
e745 d3 21		                OUT     (USARTCW),A 
e747 c9			                RET 
e748			; 
e748			; 
e748			; 
e748			DISABLE_DTR: 
e748 3a 17 f2		                LD      A,(CTLWORD) 
e74b e6 fd		                AND     11111101B       ; DATA TERMINAL READY : FALSE 
e74d d3 21		                OUT     (USARTCW),A 
e74f c9			                RET 
e750			; 
e750			; 
e750			; 
e750			ENABLE_RTS: 
e750 3a 17 f2		                LD      A,(CTLWORD) 
e753 f6 20		                OR      00100000B       ; REQUEST TO SEND : TRUE 
e755 d3 21		                OUT     (USARTCW),A 
e757 c9			                RET 
e758			; 
e758			; 
e758			; 
e758			DISABLE_RTS: 
e758 3a 17 f2		                LD      A,(CTLWORD) 
e75b e6 df		                AND     11011111B       ; REQUEST TO SEND : FALSE 
e75d d3 21		                OUT     (USARTCW),A 
e75f c9			                RET 
e760			; 
e760			; 
e760			; 
e760			IN_SIO: 
e760 af			                XOR     A 
e761 32 1d f2		                LD      (TIMEUP),A 
e764 c5			                PUSH    BC 
e765 e5			                PUSH    HL 
e766 21 03 00		                LD      HL,3            ; 5194msec Timer 
e769 01 00 80		                LD      BC,8000H 
e76c			IN_SIO_010: 
e76c db 09		                IN      A,(KEYBRD9) 
e76e e6 01		                AND     00000001B 
e770 ca 80 e7		                JP      Z,IN_SIO_030 
e773 db 21		                IN      A,(USARTCW) 
e775 e6 02		                AND     00000010B 
e777 28 0c		                JR      Z,IN_SIO_040 
e779 db 20		                IN      A,(USARTDW) 
e77b			IN_SIO_020: 
e77b e1			                POP     HL 
e77c c1			                POP     BC 
e77d c3 5c e6		                JP      CLRCFRET 
e780			IN_SIO_030: 
e780 e1			                POP     HL 
e781 c1			                POP     BC 
e782 c3 5f e6		                JP      SETCFRET 
e785			IN_SIO_040: 
e785 0b			                DEC     BC 
e786 79			                LD      A,C 
e787 fe 00		                CP      0 
e789 20 e1		                JR      NZ,IN_SIO_010 
e78b 78			                LD      A,B 
e78c fe 00		                CP      0 
e78e 20 dc		                JR      NZ,IN_SIO_010 
e790 2b			                DEC     HL 
e791 7d			                LD      A,L 
e792 fe 00		                CP      0 
e794 20 d6		                JR      NZ,IN_SIO_010 
e796 7c			                LD      A,H 
e797 fe 00		                CP      0 
e799 20 d1		                JR      NZ,IN_SIO_010 
e79b 3e 01		                LD      A,1 
e79d 32 1d f2		                LD      (TIMEUP),A 
e7a0 3e 00		                LD      A,0 
e7a2 18 d7		                JR      IN_SIO_020 
e7a4			; 
e7a4			; 
e7a4			; 
e7a4			OUT_SIO: 
e7a4 f5			                PUSH    AF 
e7a5			OUT_SIO1: 
e7a5 db 09		                IN      A,(KEYBRD9) 
e7a7 e6 01		                AND     00000001B 
e7a9 ca b8 e7		                JP      Z,OUT_SIO2 
e7ac db 21		                IN      A,(USARTCW) 
e7ae e6 01		                AND     00000001B 
e7b0 28 f3		                JR      Z,OUT_SIO1 
e7b2 f1			                POP     AF 
e7b3 d3 20		                OUT     (USARTDW),A 
e7b5 c3 5c e6		                JP      CLRCFRET 
e7b8			OUT_SIO2: 
e7b8 f1			                POP     AF 
e7b9 c3 5f e6		                JP      SETCFRET 
e7bc			; 
e7bc .. 00		ERR_MSG:        DB      "Abort Receive",0 
e7ca			                ;END 
e7ca			 
# End of file cmdrcv.asm
e7ca			                END 
			

# End of file cmdrcv_ram.asm
e7ca
